// Jest Snapshot v1, https://goo.gl/fbAQLP

exports[`test para el compoennte de CounterApp Debe de mostrar <CounterApp />  1`] = `
<Fragment>
  <h1>
    CounterApp
  </h1>
  <h2>
    5
  </h2>
  <button
    onClick={[Function]}
  >
    -1
  </button>
  <button
    onClick={[Function]}
  >
    Reset
  </button>
  <button
    onClick={[Function]}
  >
    +1
  </button>
</Fragment>
`;
